[INFO] Scanning for projects...
[INFO] 
[INFO] -----------------< ru.library:library-events-service >------------------
[INFO] Building Library Events Service 1.0.0
[INFO]   from pom.xml
[INFO] --------------------------------[ jar ]---------------------------------
[INFO] 
[INFO] >>> spring-boot:3.2.0:run (default-cli) > test-compile @ library-events-service >>>
[INFO] 
[INFO] --- resources:3.3.1:resources (default-resources) @ library-events-service ---
[INFO] Copying 1 resource from src\main\resources to target\classes
[INFO] Copying 0 resource from src\main\resources to target\classes
[INFO] 
[INFO] --- compiler:3.11.0:compile (default-compile) @ library-events-service ---
[INFO] Nothing to compile - all classes are up to date
[INFO] 
[INFO] --- resources:3.3.1:testResources (default-testResources) @ library-events-service ---
[INFO] skip non existing resourceDirectory C:\Users\Admin\Desktop\5сем\nosql\lab1\src\test\resources
[INFO] 
[INFO] --- compiler:3.11.0:testCompile (default-testCompile) @ library-events-service ---
[INFO] No sources to compile
[INFO] 
[INFO] <<< spring-boot:3.2.0:run (default-cli) < test-compile @ library-events-service <<<
[INFO] 
[INFO] 
[INFO] --- spring-boot:3.2.0:run (default-cli) @ library-events-service ---
[INFO] Attaching agents: []

  .   ____          _            __ _ _
 /\\ / ___'_ __ _ _(_)_ __  __ _ \ \ \ \
( ( )\___ | '_ | '_| | '_ \/ _` | \ \ \ \
 \\/  ___)| |_)| | | | | || (_| |  ) ) ) )
  '  |____| .__|_| |_|_| |_\__, | / / / /
 =========|_|==============|___/=/_/_/_/
 :: Spring Boot ::                (v3.2.0)

2026-09-10T17:51:21.756+03:00  INFO 3048 --- [library-events-service] [           main] r.library.event.LibraryEventApplication  : Starting LibraryEventApplication using Java 22.0.2 with PID 3048 (C:\Users\Admin\Desktop\5СЃРµРј\nosql\lab1\target\classes started by Admin in C:\Users\Admin\Desktop\5СЃРµРј\nosql\lab1)
2026-09-10T17:51:21.759+03:00 DEBUG 3048 --- [library-events-service] [           main] r.library.event.LibraryEventApplication  : Running with Spring Boot v3.2.0, Spring v6.1.1
2026-09-10T17:51:21.760+03:00  INFO 3048 --- [library-events-service] [           main] r.library.event.LibraryEventApplication  : No active profile set, falling back to 1 default profile: "default"
2026-09-10T17:51:22.805+03:00  INFO 3048 --- [library-events-service] [           main] o.s.b.w.embedded.tomcat.TomcatWebServer  : Tomcat initialized with port 8081 (http)
2026-09-10T17:51:22.810+03:00  INFO 3048 --- [library-events-service] [           main] o.apache.catalina.core.StandardService   : Starting service [Tomcat]
2026-09-10T17:51:22.810+03:00  INFO 3048 --- [library-events-service] [           main] o.apache.catalina.core.StandardEngine    : Starting Servlet engine: [Apache Tomcat/10.1.16]
2026-09-10T17:51:22.854+03:00  INFO 3048 --- [library-events-service] [           main] o.a.c.c.C.[Tomcat].[localhost].[/]       : Initializing Spring embedded WebApplicationContext
2026-09-10T17:51:22.854+03:00  INFO 3048 --- [library-events-service] [           main] w.s.c.ServletWebServerApplicationContext : Root WebApplicationContext: initialization completed in 1044 ms
2026-09-10T17:51:23.241+03:00  INFO 3048 --- [library-events-service] [           main] o.s.b.w.embedded.tomcat.TomcatWebServer  : Tomcat started on port 8081 (http) with context path ''
2026-09-10T17:51:23.250+03:00  INFO 3048 --- [library-events-service] [           main] r.library.event.LibraryEventApplication  : Started LibraryEventApplication in 1.945 seconds (process running for 2.284)
=== Демонстрационные данные загружены ===
Менеджеры: 2
События: 5
2026-09-10T17:51:40.773+03:00  INFO 3048 --- [library-events-service] [nio-8081-exec-1] o.a.c.c.C.[Tomcat].[localhost].[/]       : Initializing Spring DispatcherServlet 'dispatcherServlet'
2026-09-10T17:51:40.774+03:00  INFO 3048 --- [library-events-service] [nio-8081-exec-1] o.s.web.servlet.DispatcherServlet        : Initializing Servlet 'dispatcherServlet'
2026-09-10T17:51:40.775+03:00  INFO 3048 --- [library-events-service] [nio-8081-exec-1] o.s.web.servlet.DispatcherServlet        : Completed initialization in 1 ms
^C